09-26 17:53:04 com_github_MitjaNemec_PlaceFootprints.action_place_footprints 674:Plugin executed on: 'win32'
09-26 17:53:04 com_github_MitjaNemec_PlaceFootprints.action_place_footprints 675:Plugin executed with python version: '3.11.5 (main, Jan 23 2026, 07:39:48) [MSC v.1944 64 bit (AMD64)]'
09-26 17:53:04 com_github_MitjaNemec_PlaceFootprints.action_place_footprints 676:KiCad build version: 10.0.6
09-26 17:53:04 com_github_MitjaNemec_PlaceFootprints.action_place_footprints 677:Plugin version: 5.0.0

09-26 17:53:04 com_github_MitjaNemec_PlaceFootprints.action_place_footprints 678:Frame repr: <wx._core.Frame object at 0x00000223F09D1C60>
09-26 17:53:04 com_github_MitjaNemec_PlaceFootprints.place_footprints 121:getting a list of all footprints on board
09-26 17:53:04 com_github_MitjaNemec_PlaceFootprints.place_footprints 156:Footprint R10 on root level
09-26 17:53:04 com_github_MitjaNemec_PlaceFootprints.place_footprints 156:Footprint R11 on root level
09-26 17:53:04 com_github_MitjaNemec_PlaceFootprints.place_footprints 156:Footprint R17 on root level
09-26 17:53:04 com_github_MitjaNemec_PlaceFootprints.place_footprints 156:Footprint C6 on root level
09-26 17:53:04 com_github_MitjaNemec_PlaceFootprints.place_footprints 156:Footprint U1 on root level
09-26 17:53:04 com_github_MitjaNemec_PlaceFootprints.place_footprints 156:Footprint R7 on root level
09-26 17:53:04 com_github_MitjaNemec_PlaceFootprints.place_footprints 156:Footprint SW2 on root level
09-26 17:53:04 com_github_MitjaNemec_PlaceFootprints.place_footprints 156:Footprint R2 on root level
09-26 17:53:04 com_github_MitjaNemec_PlaceFootprints.place_footprints 156:Footprint R3 on root level
09-26 17:53:04 com_github_MitjaNemec_PlaceFootprints.place_footprints 156:Footprint C4 on root level
09-26 17:53:04 com_github_MitjaNemec_PlaceFootprints.place_footprints 156:Footprint C9 on root level
09-26 17:53:04 com_github_MitjaNemec_PlaceFootprints.place_footprints 156:Footprint SW1 on root level
09-26 17:53:04 com_github_MitjaNemec_PlaceFootprints.place_footprints 156:Footprint R6 on root level
09-26 17:53:04 com_github_MitjaNemec_PlaceFootprints.place_footprints 156:Footprint R16 on root level
09-26 17:53:04 com_github_MitjaNemec_PlaceFootprints.place_footprints 156:Footprint R5 on root level
09-26 17:53:04 com_github_MitjaNemec_PlaceFootprints.place_footprints 156:Footprint R1 on root level
09-26 17:53:04 com_github_MitjaNemec_PlaceFootprints.place_footprints 156:Footprint Q2 on root level
09-26 17:53:04 com_github_MitjaNemec_PlaceFootprints.place_footprints 156:Footprint C7 on root level
09-26 17:53:04 com_github_MitjaNemec_PlaceFootprints.place_footprints 156:Footprint C16 on root level
09-26 17:53:04 com_github_MitjaNemec_PlaceFootprints.place_footprints 156:Footprint C12 on root level
09-26 17:53:04 com_github_MitjaNemec_PlaceFootprints.place_footprints 156:Footprint FB1 on root level
09-26 17:53:04 com_github_MitjaNemec_PlaceFootprints.place_footprints 156:Footprint C10 on root level
09-26 17:53:04 com_github_MitjaNemec_PlaceFootprints.place_footprints 156:Footprint F1 on root level
09-26 17:53:04 com_github_MitjaNemec_PlaceFootprints.place_footprints 156:Footprint C8 on root level
09-26 17:53:04 com_github_MitjaNemec_PlaceFootprints.place_footprints 156:Footprint R13 on root level
09-26 17:53:04 com_github_MitjaNemec_PlaceFootprints.place_footprints 156:Footprint U3 on root level
09-26 17:53:04 com_github_MitjaNemec_PlaceFootprints.place_footprints 156:Footprint C1 on root level
09-26 17:53:04 com_github_MitjaNemec_PlaceFootprints.place_footprints 156:Footprint C2 on root level
09-26 17:53:04 com_github_MitjaNemec_PlaceFootprints.place_footprints 156:Footprint D5 on root level
09-26 17:53:04 com_github_MitjaNemec_PlaceFootprints.place_footprints 156:Footprint U2 on root level
09-26 17:53:04 com_github_MitjaNemec_PlaceFootprints.place_footprints 156:Footprint C11 on root level
09-26 17:53:04 com_github_MitjaNemec_PlaceFootprints.place_footprints 156:Footprint R12 on root level
09-26 17:53:04 com_github_MitjaNemec_PlaceFootprints.place_footprints 156:Footprint D4 on root level
09-26 17:53:04 com_github_MitjaNemec_PlaceFootprints.place_footprints 156:Footprint Q1 on root level
09-26 17:53:04 com_github_MitjaNemec_PlaceFootprints.place_footprints 156:Footprint D2 on root level
09-26 17:53:04 com_github_MitjaNemec_PlaceFootprints.place_footprints 156:Footprint J1 on root level
09-26 17:53:04 com_github_MitjaNemec_PlaceFootprints.place_footprints 156:Footprint C5 on root level
09-26 17:53:04 com_github_MitjaNemec_PlaceFootprints.place_footprints 156:Footprint Y1 on root level
09-26 17:53:04 com_github_MitjaNemec_PlaceFootprints.place_footprints 156:Footprint D3 on root level
09-26 17:53:04 com_github_MitjaNemec_PlaceFootprints.place_footprints 156:Footprint RN1 on root level
09-26 17:53:04 com_github_MitjaNemec_PlaceFootprints.place_footprints 156:Footprint R4 on root level
09-26 17:53:04 com_github_MitjaNemec_PlaceFootprints.place_footprints 156:Footprint D1 on root level
09-26 17:53:04 com_github_MitjaNemec_PlaceFootprints.place_footprints 156:Footprint C3 on root level
09-26 17:53:04 com_github_MitjaNemec_PlaceFootprints.action_place_footprints 717:Reference footprint='SW2'
